[?7h[255D[40m
[0;1;33m[22C[32mздд©зддддд© зддддд© зддддддбдд©
[22CЁ[37mшш[32mцы[37mшшшшш[32mюбы[37mшшшшш[32mюбы[37mшшшшшш[32mЁ[37mчщ[32mЁ
[17Cздд© Ё[37mшш[32mЁ[37mшшэээшш[32mЁ[37mшш[32mзд©[37mшш[32mЁ[37mшшээээ [32mЁ[37mээ[32mЁ
[17CЁ[37m╠╠[32mюды[37m╠ш[32mЁ[37m╠ш[32mзд©[37m╠ш[32mЁ[37m╠ш[32mЁ Ё[37m╠ш[32mЁ [37mъъъъ╠ш[32mЁ[37m╠ш[32mЁ
[17Cю©[37m╡╡╡╡╡[32mз╢[37m╡╡[32mЁ Ё[37m╡╡[32mЁ[37m╡╡[32mЁ Ё[37m╡╡[32mЁ[37mъ╡╡╡╡╡ъ[32mЁ[37m╡╡[32mЁ
[18Cюдддддыюдды юддадды юддадддддддадды
[0m
